[2025-05-07 10:54:39,445] 97 werkzeug - WARNING -  * Debugger is active!
[2025-05-07 10:54:39,448] 97 werkzeug - INFO -  * Debugger PIN: 143-783-530
[2025-05-07 10:54:43,049] 97 werkzeug - INFO - 127.0.0.1 - - [07/May/2025 10:54:43] "GET / HTTP/1.1" 200 -
[2025-05-07 10:54:43,091] 97 werkzeug - INFO - 127.0.0.1 - - [07/May/2025 10:54:43] "GET /static/style.css HTTP/1.1" 200 -
[2025-05-07 10:54:43,389] 97 werkzeug - INFO - 127.0.0.1 - - [07/May/2025 10:54:43] "[33mGET /favicon.ico HTTP/1.1[0m" 404 -
[2025-05-07 10:55:09,206] 34 root - INFO - Received form data:
[2025-05-07 10:55:09,206] 37 root - INFO - Location: New York
[2025-05-07 10:55:09,224] 37 root - INFO - Temperature: 22
[2025-05-07 10:55:09,224] 37 root - INFO - Humidity: 12
[2025-05-07 10:55:09,224] 37 root - INFO - Wind_Speed: 60
[2025-05-07 10:55:09,224] 37 root - INFO - Precipitation: 70
[2025-05-07 10:55:09,224] 37 root - INFO - Cloud_Cover: 80
[2025-05-07 10:55:09,224] 59 root - INFO - Input data validated and created
[2025-05-07 10:55:09,227] 73 root - INFO - Dataframe Gathered
[2025-05-07 10:55:09,227] 63 root - INFO - Input DataFrame created:
[2025-05-07 10:55:09,240] 64 root - INFO - 
   Location  Temperature  Humidity  Wind Speed  Precipitation Cloud Cover
0  New York         22.0      12.0        60.0           70.0          80
[2025-05-07 10:55:09,240] 67 root - INFO - Initializing PredictPipeline...
[2025-05-07 10:55:09,240] 69 root - INFO - Making prediction...
[2025-05-07 10:55:09,240] 27 root - INFO - Loading preprocessor from C:\Users\Praveen\OneDrive\Desktop\weather_prediction\artifacts\preprocessor.pkl
[2025-05-07 10:55:09,595] 29 root - INFO - Loading model from C:\Users\Praveen\OneDrive\Desktop\weather_prediction\artifacts\final_model.pkl
[2025-05-07 10:55:09,688] 32 root - INFO - Transforming input features
[2025-05-07 10:55:09,705] 35 root - INFO - Making prediction
[2025-05-07 10:55:09,706] 73 root - INFO - Raw prediction results: [0.]
[2025-05-07 10:55:09,706] 75 root - INFO - Final prediction result: 0.0
[2025-05-07 10:55:09,725] 82 root - ERROR - Prediction error: Unexpected end of template. Jinja was looking for the following tags: 'endif'. The innermost block that needs to be closed is 'if'.
Traceback (most recent call last):
  File "C:\Users\Praveen\OneDrive\Desktop\weather_prediction\app.py", line 79, in predict_datapoint
    return render_template('result.html', final_result=prediction_result)
           ^^^^^^^^^^^^^^^^^^^^^^^^^^^^^^^^^^^^^^^^^^^^^^^^^^^^^^^^^^^^^^
  File "C:\Users\Praveen\anaconda3\envs\weather_prediction_py_3.12\Lib\site-packages\flask\templating.py", line 149, in render_template
    template = app.jinja_env.get_or_select_template(template_name_or_list)
               ^^^^^^^^^^^^^^^^^^^^^^^^^^^^^^^^^^^^^^^^^^^^^^^^^^^^^^^^^^^
  File "C:\Users\Praveen\anaconda3\envs\weather_prediction_py_3.12\Lib\site-packages\jinja2\environment.py", line 1087, in get_or_select_template
    return self.get_template(template_name_or_list, parent, globals)
           ^^^^^^^^^^^^^^^^^^^^^^^^^^^^^^^^^^^^^^^^^^^^^^^^^^^^^^^^^
  File "C:\Users\Praveen\anaconda3\envs\weather_prediction_py_3.12\Lib\site-packages\jinja2\environment.py", line 1016, in get_template
    return self._load_template(name, globals)
           ^^^^^^^^^^^^^^^^^^^^^^^^^^^^^^^^^^
  File "C:\Users\Praveen\anaconda3\envs\weather_prediction_py_3.12\Lib\site-packages\jinja2\environment.py", line 975, in _load_template
    template = self.loader.load(self, name, self.make_globals(globals))
               ^^^^^^^^^^^^^^^^^^^^^^^^^^^^^^^^^^^^^^^^^^^^^^^^^^^^^^^^
  File "C:\Users\Praveen\anaconda3\envs\weather_prediction_py_3.12\Lib\site-packages\jinja2\loaders.py", line 138, in load
    code = environment.compile(source, name, filename)
           ^^^^^^^^^^^^^^^^^^^^^^^^^^^^^^^^^^^^^^^^^^^
  File "C:\Users\Praveen\anaconda3\envs\weather_prediction_py_3.12\Lib\site-packages\jinja2\environment.py", line 771, in compile
    self.handle_exception(source=source_hint)
  File "C:\Users\Praveen\anaconda3\envs\weather_prediction_py_3.12\Lib\site-packages\jinja2\environment.py", line 942, in handle_exception
    raise rewrite_traceback_stack(source=source)
  File "C:\Users\Praveen\OneDrive\Desktop\weather_prediction\templates\result.html", line 81, in template
    <h2>{% if final_result == 1 %}Rain{% else %}No Rain{% endif %}</h2>
    ^^^^^^^^^^^^^^^^^^^^^^^^^
jinja2.exceptions.TemplateSyntaxError: Unexpected end of template. Jinja was looking for the following tags: 'endif'. The innermost block that needs to be closed is 'if'.
[2025-05-07 10:55:09,738] 91 root - ERROR - Error in predict_datapoint: An error occurred: Prediction failed: Unexpected end of template. Jinja was looking for the following tags: 'endif'. The innermost block that needs to be closed is 'if'.

Traceback:
  File "C:\Users\Praveen\OneDrive\Desktop\weather_prediction\app.py", line 79, in predict_datapoint
    return render_template('result.html', final_result=prediction_result)
           ^^^^^^^^^^^^^^^^^^^^^^^^^^^^^^^^^^^^^^^^^^^^^^^^^^^^^^^^^^^^^^
  File "C:\Users\Praveen\anaconda3\envs\weather_prediction_py_3.12\Lib\site-packages\flask\templating.py", line 149, in render_template
    template = app.jinja_env.get_or_select_template(template_name_or_list)
               ^^^^^^^^^^^^^^^^^^^^^^^^^^^^^^^^^^^^^^^^^^^^^^^^^^^^^^^^^^^
  File "C:\Users\Praveen\anaconda3\envs\weather_prediction_py_3.12\Lib\site-packages\jinja2\environment.py", line 1087, in get_or_select_template
    return self.get_template(template_name_or_list, parent, globals)
           ^^^^^^^^^^^^^^^^^^^^^^^^^^^^^^^^^^^^^^^^^^^^^^^^^^^^^^^^^
  File "C:\Users\Praveen\anaconda3\envs\weather_prediction_py_3.12\Lib\site-packages\jinja2\environment.py", line 1016, in get_template
    return self._load_template(name, globals)
           ^^^^^^^^^^^^^^^^^^^^^^^^^^^^^^^^^^
  File "C:\Users\Praveen\anaconda3\envs\weather_prediction_py_3.12\Lib\site-packages\jinja2\environment.py", line 975, in _load_template
    template = self.loader.load(self, name, self.make_globals(globals))
               ^^^^^^^^^^^^^^^^^^^^^^^^^^^^^^^^^^^^^^^^^^^^^^^^^^^^^^^^
  File "C:\Users\Praveen\anaconda3\envs\weather_prediction_py_3.12\Lib\site-packages\jinja2\loaders.py", line 138, in load
    code = environment.compile(source, name, filename)
           ^^^^^^^^^^^^^^^^^^^^^^^^^^^^^^^^^^^^^^^^^^^
  File "C:\Users\Praveen\anaconda3\envs\weather_prediction_py_3.12\Lib\site-packages\jinja2\environment.py", line 771, in compile
    self.handle_exception(source=source_hint)
  File "C:\Users\Praveen\anaconda3\envs\weather_prediction_py_3.12\Lib\site-packages\jinja2\environment.py", line 942, in handle_exception
    raise rewrite_traceback_stack(source=source)
  File "C:\Users\Praveen\OneDrive\Desktop\weather_prediction\templates\result.html", line 81, in template
    <h2>{% if final_result == 1 %}Rain{% else %}No Rain{% endif %}</h2>
    ^^^^^^^^^^^^^^^^^^^^^^^^^
Traceback (most recent call last):
  File "C:\Users\Praveen\OneDrive\Desktop\weather_prediction\app.py", line 79, in predict_datapoint
    return render_template('result.html', final_result=prediction_result)
           ^^^^^^^^^^^^^^^^^^^^^^^^^^^^^^^^^^^^^^^^^^^^^^^^^^^^^^^^^^^^^^
  File "C:\Users\Praveen\anaconda3\envs\weather_prediction_py_3.12\Lib\site-packages\flask\templating.py", line 149, in render_template
    template = app.jinja_env.get_or_select_template(template_name_or_list)
               ^^^^^^^^^^^^^^^^^^^^^^^^^^^^^^^^^^^^^^^^^^^^^^^^^^^^^^^^^^^
  File "C:\Users\Praveen\anaconda3\envs\weather_prediction_py_3.12\Lib\site-packages\jinja2\environment.py", line 1087, in get_or_select_template
    return self.get_template(template_name_or_list, parent, globals)
           ^^^^^^^^^^^^^^^^^^^^^^^^^^^^^^^^^^^^^^^^^^^^^^^^^^^^^^^^^
  File "C:\Users\Praveen\anaconda3\envs\weather_prediction_py_3.12\Lib\site-packages\jinja2\environment.py", line 1016, in get_template
    return self._load_template(name, globals)
           ^^^^^^^^^^^^^^^^^^^^^^^^^^^^^^^^^^
  File "C:\Users\Praveen\anaconda3\envs\weather_prediction_py_3.12\Lib\site-packages\jinja2\environment.py", line 975, in _load_template
    template = self.loader.load(self, name, self.make_globals(globals))
               ^^^^^^^^^^^^^^^^^^^^^^^^^^^^^^^^^^^^^^^^^^^^^^^^^^^^^^^^
  File "C:\Users\Praveen\anaconda3\envs\weather_prediction_py_3.12\Lib\site-packages\jinja2\loaders.py", line 138, in load
    code = environment.compile(source, name, filename)
           ^^^^^^^^^^^^^^^^^^^^^^^^^^^^^^^^^^^^^^^^^^^
  File "C:\Users\Praveen\anaconda3\envs\weather_prediction_py_3.12\Lib\site-packages\jinja2\environment.py", line 771, in compile
    self.handle_exception(source=source_hint)
  File "C:\Users\Praveen\anaconda3\envs\weather_prediction_py_3.12\Lib\site-packages\jinja2\environment.py", line 942, in handle_exception
    raise rewrite_traceback_stack(source=source)
  File "C:\Users\Praveen\OneDrive\Desktop\weather_prediction\templates\result.html", line 81, in template
    <h2>{% if final_result == 1 %}Rain{% else %}No Rain{% endif %}</h2>
    ^^^^^^^^^^^^^^^^^^^^^^^^^
jinja2.exceptions.TemplateSyntaxError: Unexpected end of template. Jinja was looking for the following tags: 'endif'. The innermost block that needs to be closed is 'if'.

During handling of the above exception, another exception occurred:

Traceback (most recent call last):
  File "C:\Users\Praveen\OneDrive\Desktop\weather_prediction\app.py", line 87, in predict_datapoint
    raise RuntimeError(error_msg)
RuntimeError: Prediction failed: Unexpected end of template. Jinja was looking for the following tags: 'endif'. The innermost block that needs to be closed is 'if'.

Traceback:
  File "C:\Users\Praveen\OneDrive\Desktop\weather_prediction\app.py", line 79, in predict_datapoint
    return render_template('result.html', final_result=prediction_result)
           ^^^^^^^^^^^^^^^^^^^^^^^^^^^^^^^^^^^^^^^^^^^^^^^^^^^^^^^^^^^^^^
  File "C:\Users\Praveen\anaconda3\envs\weather_prediction_py_3.12\Lib\site-packages\flask\templating.py", line 149, in render_template
    template = app.jinja_env.get_or_select_template(template_name_or_list)
               ^^^^^^^^^^^^^^^^^^^^^^^^^^^^^^^^^^^^^^^^^^^^^^^^^^^^^^^^^^^
  File "C:\Users\Praveen\anaconda3\envs\weather_prediction_py_3.12\Lib\site-packages\jinja2\environment.py", line 1087, in get_or_select_template
    return self.get_template(template_name_or_list, parent, globals)
           ^^^^^^^^^^^^^^^^^^^^^^^^^^^^^^^^^^^^^^^^^^^^^^^^^^^^^^^^^
  File "C:\Users\Praveen\anaconda3\envs\weather_prediction_py_3.12\Lib\site-packages\jinja2\environment.py", line 1016, in get_template
    return self._load_template(name, globals)
           ^^^^^^^^^^^^^^^^^^^^^^^^^^^^^^^^^^
  File "C:\Users\Praveen\anaconda3\envs\weather_prediction_py_3.12\Lib\site-packages\jinja2\environment.py", line 975, in _load_template
    template = self.loader.load(self, name, self.make_globals(globals))
               ^^^^^^^^^^^^^^^^^^^^^^^^^^^^^^^^^^^^^^^^^^^^^^^^^^^^^^^^
  File "C:\Users\Praveen\anaconda3\envs\weather_prediction_py_3.12\Lib\site-packages\jinja2\loaders.py", line 138, in load
    code = environment.compile(source, name, filename)
           ^^^^^^^^^^^^^^^^^^^^^^^^^^^^^^^^^^^^^^^^^^^
  File "C:\Users\Praveen\anaconda3\envs\weather_prediction_py_3.12\Lib\site-packages\jinja2\environment.py", line 771, in compile
    self.handle_exception(source=source_hint)
  File "C:\Users\Praveen\anaconda3\envs\weather_prediction_py_3.12\Lib\site-packages\jinja2\environment.py", line 942, in handle_exception
    raise rewrite_traceback_stack(source=source)
  File "C:\Users\Praveen\OneDrive\Desktop\weather_prediction\templates\result.html", line 81, in template
    <h2>{% if final_result == 1 %}Rain{% else %}No Rain{% endif %}</h2>
    ^^^^^^^^^^^^^^^^^^^^^^^^^

[2025-05-07 10:55:09,742] 97 werkzeug - INFO - 127.0.0.1 - - [07/May/2025 10:55:09] "[31m[1mPOST /predict HTTP/1.1[0m" 400 -
[2025-05-07 10:55:48,482] 34 root - INFO - Received form data:
[2025-05-07 10:55:48,482] 37 root - INFO - Location: New York
[2025-05-07 10:55:48,482] 37 root - INFO - Temperature: 22
[2025-05-07 10:55:48,482] 37 root - INFO - Humidity: 45
[2025-05-07 10:55:48,483] 37 root - INFO - Wind_Speed: 34
[2025-05-07 10:55:48,483] 37 root - INFO - Precipitation: 43
[2025-05-07 10:55:48,483] 37 root - INFO - Cloud_Cover: 20
[2025-05-07 10:55:48,484] 59 root - INFO - Input data validated and created
[2025-05-07 10:55:48,485] 73 root - INFO - Dataframe Gathered
[2025-05-07 10:55:48,485] 63 root - INFO - Input DataFrame created:
[2025-05-07 10:55:48,488] 64 root - INFO - 
   Location  Temperature  Humidity  Wind Speed  Precipitation Cloud Cover
0  New York         22.0      45.0        34.0           43.0          20
[2025-05-07 10:55:48,488] 67 root - INFO - Initializing PredictPipeline...
[2025-05-07 10:55:48,488] 69 root - INFO - Making prediction...
[2025-05-07 10:55:48,488] 27 root - INFO - Loading preprocessor from C:\Users\Praveen\OneDrive\Desktop\weather_prediction\artifacts\preprocessor.pkl
[2025-05-07 10:55:48,488] 29 root - INFO - Loading model from C:\Users\Praveen\OneDrive\Desktop\weather_prediction\artifacts\final_model.pkl
[2025-05-07 10:55:48,488] 32 root - INFO - Transforming input features
[2025-05-07 10:55:48,507] 35 root - INFO - Making prediction
[2025-05-07 10:55:48,507] 73 root - INFO - Raw prediction results: [0.]
[2025-05-07 10:55:48,507] 75 root - INFO - Final prediction result: 0.0
[2025-05-07 10:55:48,512] 82 root - ERROR - Prediction error: Unexpected end of template. Jinja was looking for the following tags: 'endif'. The innermost block that needs to be closed is 'if'.
Traceback (most recent call last):
  File "C:\Users\Praveen\OneDrive\Desktop\weather_prediction\app.py", line 79, in predict_datapoint
    return render_template('result.html', final_result=prediction_result)
           ^^^^^^^^^^^^^^^^^^^^^^^^^^^^^^^^^^^^^^^^^^^^^^^^^^^^^^^^^^^^^^
  File "C:\Users\Praveen\anaconda3\envs\weather_prediction_py_3.12\Lib\site-packages\flask\templating.py", line 149, in render_template
    template = app.jinja_env.get_or_select_template(template_name_or_list)
               ^^^^^^^^^^^^^^^^^^^^^^^^^^^^^^^^^^^^^^^^^^^^^^^^^^^^^^^^^^^
  File "C:\Users\Praveen\anaconda3\envs\weather_prediction_py_3.12\Lib\site-packages\jinja2\environment.py", line 1087, in get_or_select_template
    return self.get_template(template_name_or_list, parent, globals)
           ^^^^^^^^^^^^^^^^^^^^^^^^^^^^^^^^^^^^^^^^^^^^^^^^^^^^^^^^^
  File "C:\Users\Praveen\anaconda3\envs\weather_prediction_py_3.12\Lib\site-packages\jinja2\environment.py", line 1016, in get_template
    return self._load_template(name, globals)
           ^^^^^^^^^^^^^^^^^^^^^^^^^^^^^^^^^^
  File "C:\Users\Praveen\anaconda3\envs\weather_prediction_py_3.12\Lib\site-packages\jinja2\environment.py", line 975, in _load_template
    template = self.loader.load(self, name, self.make_globals(globals))
               ^^^^^^^^^^^^^^^^^^^^^^^^^^^^^^^^^^^^^^^^^^^^^^^^^^^^^^^^
  File "C:\Users\Praveen\anaconda3\envs\weather_prediction_py_3.12\Lib\site-packages\jinja2\loaders.py", line 138, in load
    code = environment.compile(source, name, filename)
           ^^^^^^^^^^^^^^^^^^^^^^^^^^^^^^^^^^^^^^^^^^^
  File "C:\Users\Praveen\anaconda3\envs\weather_prediction_py_3.12\Lib\site-packages\jinja2\environment.py", line 771, in compile
    self.handle_exception(source=source_hint)
  File "C:\Users\Praveen\anaconda3\envs\weather_prediction_py_3.12\Lib\site-packages\jinja2\environment.py", line 942, in handle_exception
    raise rewrite_traceback_stack(source=source)
  File "C:\Users\Praveen\OneDrive\Desktop\weather_prediction\templates\result.html", line 81, in template
    <h2>{% if final_result == 1 %}Rain{% else %}No Rain{% endif %}</h2>
    ^^^^^^^^^^^^^^^^^^^^^^^^^
jinja2.exceptions.TemplateSyntaxError: Unexpected end of template. Jinja was looking for the following tags: 'endif'. The innermost block that needs to be closed is 'if'.
[2025-05-07 10:55:48,520] 91 root - ERROR - Error in predict_datapoint: An error occurred: Prediction failed: Unexpected end of template. Jinja was looking for the following tags: 'endif'. The innermost block that needs to be closed is 'if'.

Traceback:
  File "C:\Users\Praveen\OneDrive\Desktop\weather_prediction\app.py", line 79, in predict_datapoint
    return render_template('result.html', final_result=prediction_result)
           ^^^^^^^^^^^^^^^^^^^^^^^^^^^^^^^^^^^^^^^^^^^^^^^^^^^^^^^^^^^^^^
  File "C:\Users\Praveen\anaconda3\envs\weather_prediction_py_3.12\Lib\site-packages\flask\templating.py", line 149, in render_template
    template = app.jinja_env.get_or_select_template(template_name_or_list)
               ^^^^^^^^^^^^^^^^^^^^^^^^^^^^^^^^^^^^^^^^^^^^^^^^^^^^^^^^^^^
  File "C:\Users\Praveen\anaconda3\envs\weather_prediction_py_3.12\Lib\site-packages\jinja2\environment.py", line 1087, in get_or_select_template
    return self.get_template(template_name_or_list, parent, globals)
           ^^^^^^^^^^^^^^^^^^^^^^^^^^^^^^^^^^^^^^^^^^^^^^^^^^^^^^^^^
  File "C:\Users\Praveen\anaconda3\envs\weather_prediction_py_3.12\Lib\site-packages\jinja2\environment.py", line 1016, in get_template
    return self._load_template(name, globals)
           ^^^^^^^^^^^^^^^^^^^^^^^^^^^^^^^^^^
  File "C:\Users\Praveen\anaconda3\envs\weather_prediction_py_3.12\Lib\site-packages\jinja2\environment.py", line 975, in _load_template
    template = self.loader.load(self, name, self.make_globals(globals))
               ^^^^^^^^^^^^^^^^^^^^^^^^^^^^^^^^^^^^^^^^^^^^^^^^^^^^^^^^
  File "C:\Users\Praveen\anaconda3\envs\weather_prediction_py_3.12\Lib\site-packages\jinja2\loaders.py", line 138, in load
    code = environment.compile(source, name, filename)
           ^^^^^^^^^^^^^^^^^^^^^^^^^^^^^^^^^^^^^^^^^^^
  File "C:\Users\Praveen\anaconda3\envs\weather_prediction_py_3.12\Lib\site-packages\jinja2\environment.py", line 771, in compile
    self.handle_exception(source=source_hint)
  File "C:\Users\Praveen\anaconda3\envs\weather_prediction_py_3.12\Lib\site-packages\jinja2\environment.py", line 942, in handle_exception
    raise rewrite_traceback_stack(source=source)
  File "C:\Users\Praveen\OneDrive\Desktop\weather_prediction\templates\result.html", line 81, in template
    <h2>{% if final_result == 1 %}Rain{% else %}No Rain{% endif %}</h2>
    ^^^^^^^^^^^^^^^^^^^^^^^^^
Traceback (most recent call last):
  File "C:\Users\Praveen\OneDrive\Desktop\weather_prediction\app.py", line 79, in predict_datapoint
    return render_template('result.html', final_result=prediction_result)
           ^^^^^^^^^^^^^^^^^^^^^^^^^^^^^^^^^^^^^^^^^^^^^^^^^^^^^^^^^^^^^^
  File "C:\Users\Praveen\anaconda3\envs\weather_prediction_py_3.12\Lib\site-packages\flask\templating.py", line 149, in render_template
    template = app.jinja_env.get_or_select_template(template_name_or_list)
               ^^^^^^^^^^^^^^^^^^^^^^^^^^^^^^^^^^^^^^^^^^^^^^^^^^^^^^^^^^^
  File "C:\Users\Praveen\anaconda3\envs\weather_prediction_py_3.12\Lib\site-packages\jinja2\environment.py", line 1087, in get_or_select_template
    return self.get_template(template_name_or_list, parent, globals)
           ^^^^^^^^^^^^^^^^^^^^^^^^^^^^^^^^^^^^^^^^^^^^^^^^^^^^^^^^^
  File "C:\Users\Praveen\anaconda3\envs\weather_prediction_py_3.12\Lib\site-packages\jinja2\environment.py", line 1016, in get_template
    return self._load_template(name, globals)
           ^^^^^^^^^^^^^^^^^^^^^^^^^^^^^^^^^^
  File "C:\Users\Praveen\anaconda3\envs\weather_prediction_py_3.12\Lib\site-packages\jinja2\environment.py", line 975, in _load_template
    template = self.loader.load(self, name, self.make_globals(globals))
               ^^^^^^^^^^^^^^^^^^^^^^^^^^^^^^^^^^^^^^^^^^^^^^^^^^^^^^^^
  File "C:\Users\Praveen\anaconda3\envs\weather_prediction_py_3.12\Lib\site-packages\jinja2\loaders.py", line 138, in load
    code = environment.compile(source, name, filename)
           ^^^^^^^^^^^^^^^^^^^^^^^^^^^^^^^^^^^^^^^^^^^
  File "C:\Users\Praveen\anaconda3\envs\weather_prediction_py_3.12\Lib\site-packages\jinja2\environment.py", line 771, in compile
    self.handle_exception(source=source_hint)
  File "C:\Users\Praveen\anaconda3\envs\weather_prediction_py_3.12\Lib\site-packages\jinja2\environment.py", line 942, in handle_exception
    raise rewrite_traceback_stack(source=source)
  File "C:\Users\Praveen\OneDrive\Desktop\weather_prediction\templates\result.html", line 81, in template
    <h2>{% if final_result == 1 %}Rain{% else %}No Rain{% endif %}</h2>
    ^^^^^^^^^^^^^^^^^^^^^^^^^
jinja2.exceptions.TemplateSyntaxError: Unexpected end of template. Jinja was looking for the following tags: 'endif'. The innermost block that needs to be closed is 'if'.

During handling of the above exception, another exception occurred:

Traceback (most recent call last):
  File "C:\Users\Praveen\OneDrive\Desktop\weather_prediction\app.py", line 87, in predict_datapoint
    raise RuntimeError(error_msg)
RuntimeError: Prediction failed: Unexpected end of template. Jinja was looking for the following tags: 'endif'. The innermost block that needs to be closed is 'if'.

Traceback:
  File "C:\Users\Praveen\OneDrive\Desktop\weather_prediction\app.py", line 79, in predict_datapoint
    return render_template('result.html', final_result=prediction_result)
           ^^^^^^^^^^^^^^^^^^^^^^^^^^^^^^^^^^^^^^^^^^^^^^^^^^^^^^^^^^^^^^
  File "C:\Users\Praveen\anaconda3\envs\weather_prediction_py_3.12\Lib\site-packages\flask\templating.py", line 149, in render_template
    template = app.jinja_env.get_or_select_template(template_name_or_list)
               ^^^^^^^^^^^^^^^^^^^^^^^^^^^^^^^^^^^^^^^^^^^^^^^^^^^^^^^^^^^
  File "C:\Users\Praveen\anaconda3\envs\weather_prediction_py_3.12\Lib\site-packages\jinja2\environment.py", line 1087, in get_or_select_template
    return self.get_template(template_name_or_list, parent, globals)
           ^^^^^^^^^^^^^^^^^^^^^^^^^^^^^^^^^^^^^^^^^^^^^^^^^^^^^^^^^
  File "C:\Users\Praveen\anaconda3\envs\weather_prediction_py_3.12\Lib\site-packages\jinja2\environment.py", line 1016, in get_template
    return self._load_template(name, globals)
           ^^^^^^^^^^^^^^^^^^^^^^^^^^^^^^^^^^
  File "C:\Users\Praveen\anaconda3\envs\weather_prediction_py_3.12\Lib\site-packages\jinja2\environment.py", line 975, in _load_template
    template = self.loader.load(self, name, self.make_globals(globals))
               ^^^^^^^^^^^^^^^^^^^^^^^^^^^^^^^^^^^^^^^^^^^^^^^^^^^^^^^^
  File "C:\Users\Praveen\anaconda3\envs\weather_prediction_py_3.12\Lib\site-packages\jinja2\loaders.py", line 138, in load
    code = environment.compile(source, name, filename)
           ^^^^^^^^^^^^^^^^^^^^^^^^^^^^^^^^^^^^^^^^^^^
  File "C:\Users\Praveen\anaconda3\envs\weather_prediction_py_3.12\Lib\site-packages\jinja2\environment.py", line 771, in compile
    self.handle_exception(source=source_hint)
  File "C:\Users\Praveen\anaconda3\envs\weather_prediction_py_3.12\Lib\site-packages\jinja2\environment.py", line 942, in handle_exception
    raise rewrite_traceback_stack(source=source)
  File "C:\Users\Praveen\OneDrive\Desktop\weather_prediction\templates\result.html", line 81, in template
    <h2>{% if final_result == 1 %}Rain{% else %}No Rain{% endif %}</h2>
    ^^^^^^^^^^^^^^^^^^^^^^^^^

[2025-05-07 10:55:48,520] 97 werkzeug - INFO - 127.0.0.1 - - [07/May/2025 10:55:48] "[31m[1mPOST /predict HTTP/1.1[0m" 400 -
[2025-05-07 10:56:05,330] 34 root - INFO - Received form data:
[2025-05-07 10:56:05,330] 37 root - INFO - Location: Los Angeles
[2025-05-07 10:56:05,332] 37 root - INFO - Temperature: 35
[2025-05-07 10:56:05,333] 37 root - INFO - Humidity: 45
[2025-05-07 10:56:05,333] 37 root - INFO - Wind_Speed: 60
[2025-05-07 10:56:05,333] 37 root - INFO - Precipitation: 23
[2025-05-07 10:56:05,333] 37 root - INFO - Cloud_Cover: 22
[2025-05-07 10:56:05,333] 59 root - INFO - Input data validated and created
[2025-05-07 10:56:05,335] 73 root - INFO - Dataframe Gathered
[2025-05-07 10:56:05,335] 63 root - INFO - Input DataFrame created:
[2025-05-07 10:56:05,339] 64 root - INFO - 
      Location  Temperature  Humidity  Wind Speed  Precipitation Cloud Cover
0  Los Angeles         35.0      45.0        60.0           23.0          22
[2025-05-07 10:56:05,339] 67 root - INFO - Initializing PredictPipeline...
[2025-05-07 10:56:05,339] 69 root - INFO - Making prediction...
[2025-05-07 10:56:05,339] 27 root - INFO - Loading preprocessor from C:\Users\Praveen\OneDrive\Desktop\weather_prediction\artifacts\preprocessor.pkl
[2025-05-07 10:56:05,344] 29 root - INFO - Loading model from C:\Users\Praveen\OneDrive\Desktop\weather_prediction\artifacts\final_model.pkl
[2025-05-07 10:56:05,353] 32 root - INFO - Transforming input features
[2025-05-07 10:56:05,368] 35 root - INFO - Making prediction
[2025-05-07 10:56:05,370] 73 root - INFO - Raw prediction results: [0.]
[2025-05-07 10:56:05,370] 75 root - INFO - Final prediction result: 0.0
[2025-05-07 10:56:05,376] 82 root - ERROR - Prediction error: Unexpected end of template. Jinja was looking for the following tags: 'endif'. The innermost block that needs to be closed is 'if'.
Traceback (most recent call last):
  File "C:\Users\Praveen\OneDrive\Desktop\weather_prediction\app.py", line 79, in predict_datapoint
    return render_template('result.html', final_result=prediction_result)
           ^^^^^^^^^^^^^^^^^^^^^^^^^^^^^^^^^^^^^^^^^^^^^^^^^^^^^^^^^^^^^^
  File "C:\Users\Praveen\anaconda3\envs\weather_prediction_py_3.12\Lib\site-packages\flask\templating.py", line 149, in render_template
    template = app.jinja_env.get_or_select_template(template_name_or_list)
               ^^^^^^^^^^^^^^^^^^^^^^^^^^^^^^^^^^^^^^^^^^^^^^^^^^^^^^^^^^^
  File "C:\Users\Praveen\anaconda3\envs\weather_prediction_py_3.12\Lib\site-packages\jinja2\environment.py", line 1087, in get_or_select_template
    return self.get_template(template_name_or_list, parent, globals)
           ^^^^^^^^^^^^^^^^^^^^^^^^^^^^^^^^^^^^^^^^^^^^^^^^^^^^^^^^^
  File "C:\Users\Praveen\anaconda3\envs\weather_prediction_py_3.12\Lib\site-packages\jinja2\environment.py", line 1016, in get_template
    return self._load_template(name, globals)
           ^^^^^^^^^^^^^^^^^^^^^^^^^^^^^^^^^^
  File "C:\Users\Praveen\anaconda3\envs\weather_prediction_py_3.12\Lib\site-packages\jinja2\environment.py", line 975, in _load_template
    template = self.loader.load(self, name, self.make_globals(globals))
               ^^^^^^^^^^^^^^^^^^^^^^^^^^^^^^^^^^^^^^^^^^^^^^^^^^^^^^^^
  File "C:\Users\Praveen\anaconda3\envs\weather_prediction_py_3.12\Lib\site-packages\jinja2\loaders.py", line 138, in load
    code = environment.compile(source, name, filename)
           ^^^^^^^^^^^^^^^^^^^^^^^^^^^^^^^^^^^^^^^^^^^
  File "C:\Users\Praveen\anaconda3\envs\weather_prediction_py_3.12\Lib\site-packages\jinja2\environment.py", line 771, in compile
    self.handle_exception(source=source_hint)
  File "C:\Users\Praveen\anaconda3\envs\weather_prediction_py_3.12\Lib\site-packages\jinja2\environment.py", line 942, in handle_exception
    raise rewrite_traceback_stack(source=source)
  File "C:\Users\Praveen\OneDrive\Desktop\weather_prediction\templates\result.html", line 81, in template
    <h2>{% if final_result == 1 %}Rain{% else %}No Rain{% endif %}</h2>
    ^^^^^^^^^^^^^^^^^^^^^^^^^
jinja2.exceptions.TemplateSyntaxError: Unexpected end of template. Jinja was looking for the following tags: 'endif'. The innermost block that needs to be closed is 'if'.
[2025-05-07 10:56:05,380] 91 root - ERROR - Error in predict_datapoint: An error occurred: Prediction failed: Unexpected end of template. Jinja was looking for the following tags: 'endif'. The innermost block that needs to be closed is 'if'.

Traceback:
  File "C:\Users\Praveen\OneDrive\Desktop\weather_prediction\app.py", line 79, in predict_datapoint
    return render_template('result.html', final_result=prediction_result)
           ^^^^^^^^^^^^^^^^^^^^^^^^^^^^^^^^^^^^^^^^^^^^^^^^^^^^^^^^^^^^^^
  File "C:\Users\Praveen\anaconda3\envs\weather_prediction_py_3.12\Lib\site-packages\flask\templating.py", line 149, in render_template
    template = app.jinja_env.get_or_select_template(template_name_or_list)
               ^^^^^^^^^^^^^^^^^^^^^^^^^^^^^^^^^^^^^^^^^^^^^^^^^^^^^^^^^^^
  File "C:\Users\Praveen\anaconda3\envs\weather_prediction_py_3.12\Lib\site-packages\jinja2\environment.py", line 1087, in get_or_select_template
    return self.get_template(template_name_or_list, parent, globals)
           ^^^^^^^^^^^^^^^^^^^^^^^^^^^^^^^^^^^^^^^^^^^^^^^^^^^^^^^^^
  File "C:\Users\Praveen\anaconda3\envs\weather_prediction_py_3.12\Lib\site-packages\jinja2\environment.py", line 1016, in get_template
    return self._load_template(name, globals)
           ^^^^^^^^^^^^^^^^^^^^^^^^^^^^^^^^^^
  File "C:\Users\Praveen\anaconda3\envs\weather_prediction_py_3.12\Lib\site-packages\jinja2\environment.py", line 975, in _load_template
    template = self.loader.load(self, name, self.make_globals(globals))
               ^^^^^^^^^^^^^^^^^^^^^^^^^^^^^^^^^^^^^^^^^^^^^^^^^^^^^^^^
  File "C:\Users\Praveen\anaconda3\envs\weather_prediction_py_3.12\Lib\site-packages\jinja2\loaders.py", line 138, in load
    code = environment.compile(source, name, filename)
           ^^^^^^^^^^^^^^^^^^^^^^^^^^^^^^^^^^^^^^^^^^^
  File "C:\Users\Praveen\anaconda3\envs\weather_prediction_py_3.12\Lib\site-packages\jinja2\environment.py", line 771, in compile
    self.handle_exception(source=source_hint)
  File "C:\Users\Praveen\anaconda3\envs\weather_prediction_py_3.12\Lib\site-packages\jinja2\environment.py", line 942, in handle_exception
    raise rewrite_traceback_stack(source=source)
  File "C:\Users\Praveen\OneDrive\Desktop\weather_prediction\templates\result.html", line 81, in template
    <h2>{% if final_result == 1 %}Rain{% else %}No Rain{% endif %}</h2>
    ^^^^^^^^^^^^^^^^^^^^^^^^^
Traceback (most recent call last):
  File "C:\Users\Praveen\OneDrive\Desktop\weather_prediction\app.py", line 79, in predict_datapoint
    return render_template('result.html', final_result=prediction_result)
           ^^^^^^^^^^^^^^^^^^^^^^^^^^^^^^^^^^^^^^^^^^^^^^^^^^^^^^^^^^^^^^
  File "C:\Users\Praveen\anaconda3\envs\weather_prediction_py_3.12\Lib\site-packages\flask\templating.py", line 149, in render_template
    template = app.jinja_env.get_or_select_template(template_name_or_list)
               ^^^^^^^^^^^^^^^^^^^^^^^^^^^^^^^^^^^^^^^^^^^^^^^^^^^^^^^^^^^
  File "C:\Users\Praveen\anaconda3\envs\weather_prediction_py_3.12\Lib\site-packages\jinja2\environment.py", line 1087, in get_or_select_template
    return self.get_template(template_name_or_list, parent, globals)
           ^^^^^^^^^^^^^^^^^^^^^^^^^^^^^^^^^^^^^^^^^^^^^^^^^^^^^^^^^
  File "C:\Users\Praveen\anaconda3\envs\weather_prediction_py_3.12\Lib\site-packages\jinja2\environment.py", line 1016, in get_template
    return self._load_template(name, globals)
           ^^^^^^^^^^^^^^^^^^^^^^^^^^^^^^^^^^
  File "C:\Users\Praveen\anaconda3\envs\weather_prediction_py_3.12\Lib\site-packages\jinja2\environment.py", line 975, in _load_template
    template = self.loader.load(self, name, self.make_globals(globals))
               ^^^^^^^^^^^^^^^^^^^^^^^^^^^^^^^^^^^^^^^^^^^^^^^^^^^^^^^^
  File "C:\Users\Praveen\anaconda3\envs\weather_prediction_py_3.12\Lib\site-packages\jinja2\loaders.py", line 138, in load
    code = environment.compile(source, name, filename)
           ^^^^^^^^^^^^^^^^^^^^^^^^^^^^^^^^^^^^^^^^^^^
  File "C:\Users\Praveen\anaconda3\envs\weather_prediction_py_3.12\Lib\site-packages\jinja2\environment.py", line 771, in compile
    self.handle_exception(source=source_hint)
  File "C:\Users\Praveen\anaconda3\envs\weather_prediction_py_3.12\Lib\site-packages\jinja2\environment.py", line 942, in handle_exception
    raise rewrite_traceback_stack(source=source)
  File "C:\Users\Praveen\OneDrive\Desktop\weather_prediction\templates\result.html", line 81, in template
    <h2>{% if final_result == 1 %}Rain{% else %}No Rain{% endif %}</h2>
    ^^^^^^^^^^^^^^^^^^^^^^^^^
jinja2.exceptions.TemplateSyntaxError: Unexpected end of template. Jinja was looking for the following tags: 'endif'. The innermost block that needs to be closed is 'if'.

During handling of the above exception, another exception occurred:

Traceback (most recent call last):
  File "C:\Users\Praveen\OneDrive\Desktop\weather_prediction\app.py", line 87, in predict_datapoint
    raise RuntimeError(error_msg)
RuntimeError: Prediction failed: Unexpected end of template. Jinja was looking for the following tags: 'endif'. The innermost block that needs to be closed is 'if'.

Traceback:
  File "C:\Users\Praveen\OneDrive\Desktop\weather_prediction\app.py", line 79, in predict_datapoint
    return render_template('result.html', final_result=prediction_result)
           ^^^^^^^^^^^^^^^^^^^^^^^^^^^^^^^^^^^^^^^^^^^^^^^^^^^^^^^^^^^^^^
  File "C:\Users\Praveen\anaconda3\envs\weather_prediction_py_3.12\Lib\site-packages\flask\templating.py", line 149, in render_template
    template = app.jinja_env.get_or_select_template(template_name_or_list)
               ^^^^^^^^^^^^^^^^^^^^^^^^^^^^^^^^^^^^^^^^^^^^^^^^^^^^^^^^^^^
  File "C:\Users\Praveen\anaconda3\envs\weather_prediction_py_3.12\Lib\site-packages\jinja2\environment.py", line 1087, in get_or_select_template
    return self.get_template(template_name_or_list, parent, globals)
           ^^^^^^^^^^^^^^^^^^^^^^^^^^^^^^^^^^^^^^^^^^^^^^^^^^^^^^^^^
  File "C:\Users\Praveen\anaconda3\envs\weather_prediction_py_3.12\Lib\site-packages\jinja2\environment.py", line 1016, in get_template
    return self._load_template(name, globals)
           ^^^^^^^^^^^^^^^^^^^^^^^^^^^^^^^^^^
  File "C:\Users\Praveen\anaconda3\envs\weather_prediction_py_3.12\Lib\site-packages\jinja2\environment.py", line 975, in _load_template
    template = self.loader.load(self, name, self.make_globals(globals))
               ^^^^^^^^^^^^^^^^^^^^^^^^^^^^^^^^^^^^^^^^^^^^^^^^^^^^^^^^
  File "C:\Users\Praveen\anaconda3\envs\weather_prediction_py_3.12\Lib\site-packages\jinja2\loaders.py", line 138, in load
    code = environment.compile(source, name, filename)
           ^^^^^^^^^^^^^^^^^^^^^^^^^^^^^^^^^^^^^^^^^^^
  File "C:\Users\Praveen\anaconda3\envs\weather_prediction_py_3.12\Lib\site-packages\jinja2\environment.py", line 771, in compile
    self.handle_exception(source=source_hint)
  File "C:\Users\Praveen\anaconda3\envs\weather_prediction_py_3.12\Lib\site-packages\jinja2\environment.py", line 942, in handle_exception
    raise rewrite_traceback_stack(source=source)
  File "C:\Users\Praveen\OneDrive\Desktop\weather_prediction\templates\result.html", line 81, in template
    <h2>{% if final_result == 1 %}Rain{% else %}No Rain{% endif %}</h2>
    ^^^^^^^^^^^^^^^^^^^^^^^^^

[2025-05-07 10:56:05,382] 97 werkzeug - INFO - 127.0.0.1 - - [07/May/2025 10:56:05] "[31m[1mPOST /predict HTTP/1.1[0m" 400 -
